ASxxxx Linker V03.00/V05.40 + sdld,  page 1.
Hexadecimal  [32-Bits]

Area                                    Addr        Size        Decimal Bytes (Attributes)
--------------------------------        ----        ----        ------- ----- ------------
.  .ABS.                            00000000    00000000 =           0. bytes (ABS,CON)

      Value  Global                              Global Defined In Module
      -----  --------------------------------   ------------------------
     00000000  .__.ABS.                           
     00000000  _rRAMG                             
     00000000  l__BASE                         
     00000000  l__BSS                          
     00000000  l__CABS                         
     00000000  l__CODE_0                       
     00000000  l__CRASH_HEADER                 
     00000000  l__CRASH_SCRATCH                
     00000000  l__DABS                         
     00000000  l__HEADER                       
     00000000  l__HEADER_LCD                   
     00000000  l__HEADER_SIO                   
     00000000  l__HEADER_TIMER                 
     00000000  l__HEAP                         
     00000000  l__HEAP_END                     
     00000000  l__HRAM                         
     00000000  l__LIT                          
     00000000  s__CABS                         
     00000000  s__CRASH_HEADER                 
     00000000  s__CRASH_HEADER0                
     00000000  s__CRASH_HEADER1                
     00000000  s__CRASH_SCRATCH                
     00000000  s__CRASH_SCRATCH2               
     00000000  s__DABS                         
     00000000  s__HEADER                       
     00000000  s__HEADER0                      
     00000000  s__HEADER1                      
     00000000  s__HEADER10                     
     00000000  s__HEADER11                     
     00000000  s__HEADER2                      
     00000000  s__HEADER3                      
     00000000  s__HEADER4                      
     00000000  s__HEADER5                      
     00000000  s__HEADER6                      
     00000000  s__HEADER7                      
     00000000  s__HEADER8                      
     00000000  s__HEADER9                      
     00000000  s__HEADER_LCD                   
     00000000  s__HEADER_LCD0                  
     00000000  s__HEADER_SIO                   
     00000000  s__HEADER_SIO0                  
     00000000  s__HEADER_TIMER                 
     00000000  s__HEADER_TIMER0                
     00000000  s__HEADERa                      
     00000000  s__HEADERb                      
     00000000  s__HEADERc                      
     00000000  s__HEADERd                      
     00000000  s__HEADERe                      
     00000000  s__HEADERf                      
     00000000  s__HRAM                         
ASxxxx Linker V03.00/V05.40 + sdld,  page 2.
Hexadecimal  [32-Bits]

Area                                    Addr        Size        Decimal Bytes (Attributes)
--------------------------------        ----        ----        ------- ----- ------------
.  .ABS.                            00000000    00000000 =           0. bytes (ABS,CON)

      Value  Global                              Global Defined In Module
      -----  --------------------------------   ------------------------
     00000000  s__HRAM12                       
     00000001  ___bank_VM_SCENE                   vm_scene
     00000001  ___bank_VM_SGB                     vm_sgb
     00000001  ___bank_bg_boss_arena_tileset_bi   bg_boss_arena_tileset_binary
     00000001  ___bank_bg_game_over_screen_tile   bg_game_over_screen_tileset
     00000001  ___bank_bg_game_start_tileset      bg_game_start_tileset
     00000001  b_ui_draw_frame                    ui
     00000001  b_ui_draw_text_buffer_char         ui
     00000001  b_ui_init                          ui
     00000001  b_ui_load_tiles                    ui
     00000001  b_ui_run_menu                      ui
     00000001  b_ui_run_modal                     ui
     00000001  b_ui_set_start_tile                ui
     00000001  b_vm_scene_pop                     vm_scene
     00000001  b_vm_scene_pop_all                 vm_scene
     00000001  b_vm_scene_push                    vm_scene
     00000001  b_vm_scene_stack_reset             vm_scene
     00000001  l__GSFINAL                      
     00000001  l__HEADER0                      
     00000001  l__HEADER5                      
     00000001  l__HEADERa                      
     00000001  l__HEADERb                      
     00000001  l__HEADERc                      
     00000001  l__HEADERe                      
     00000001  l__HEADERf                      
     00000002  ___bank_bg_win_screen_tileset      bg_win_screen_tileset
     00000002  ___bank_script_input_0             script_input_0
     00000002  ___bank_script_input_10            script_input_10
     00000002  ___bank_song_bgmusic_Data          song_bgmusic_Data
     00000002  ___mute_mask_sound_click_vgm       sound_click_vgm
     00000002  ___mute_mask_sound_hurt_vgm        sound_hurt_vgm
     00000002  b_gbprinter_detect                 gbprinter
     00000002  b_gbprinter_print_overlay          gbprinter
     00000002  b_platform_init                    platform
     00000002  b_platform_update                  platform
     00000002  l__HEADER10                     
     00000002  l__HEADER6                      
     00000002  l__HEADERd                      
     00000003  ___bank_ACTOR                      actor
     00000003  ___bank_VM_ACTOR                   vm_actor
     00000003  ___bank_song_sephitheme_Data       song_sephitheme_Data
     00000003  b_activate_actor                   actor
     00000003  b_activate_actors_in_col           actor
     00000003  b_activate_actors_in_row           actor
     00000003  b_actor_at_tile                    actor
     00000003  b_actor_get_frame_offset           actor
     00000003  b_actor_in_front_of_player         actor
     00000003  b_actor_overlapping_bb             actor
     00000003  b_actor_overlapping_player         actor
     00000003  b_actor_set_anim_idle              actor
     00000003  b_actor_set_anim_moving            actor
ASxxxx Linker V03.00/V05.40 + sdld,  page 3.
Hexadecimal  [32-Bits]

Area                                    Addr        Size        Decimal Bytes (Attributes)
--------------------------------        ----        ----        ------- ----- ------------
.  .ABS.                            00000000    00000000 =           0. bytes (ABS,CON)

      Value  Global                              Global Defined In Module
      -----  --------------------------------   ------------------------
     00000003  b_actor_set_dir                    actor
     00000003  b_actor_set_frame_offset           actor
     00000003  b_actor_set_frames                 actor
     00000003  b_actors_handle_player_collision   actor
     00000003  b_actors_init                      actor
     00000003  b_check_collision_in_direction     actor
     00000003  b_deactivate_actor                 actor
     00000003  b_parallax_init                    parallax
     00000003  b_player_init                      actor
     00000003  b_vm_actor_activate                vm_actor
     00000003  b_vm_actor_begin_update            vm_actor
     00000003  b_vm_actor_deactivate              vm_actor
     00000003  b_vm_actor_emote                   vm_actor
     00000003  b_vm_actor_get_angle               vm_actor
     00000003  b_vm_actor_get_anim_frame          vm_actor
     00000003  b_vm_actor_get_dir                 vm_actor
     00000003  b_vm_actor_get_pos                 vm_actor
     00000003  b_vm_actor_move_cancel             vm_actor
     00000003  b_vm_actor_move_to                 vm_actor
     00000003  b_vm_actor_replace_tile            vm_actor
     00000003  b_vm_actor_set_anim                vm_actor
     00000003  b_vm_actor_set_anim_frame          vm_actor
     00000003  b_vm_actor_set_anim_set            vm_actor
     00000003  b_vm_actor_set_anim_tick           vm_actor
     00000003  b_vm_actor_set_bounds              vm_actor
     00000003  b_vm_actor_set_dir                 vm_actor
     00000003  b_vm_actor_set_flags               vm_actor
     00000003  b_vm_actor_set_move_speed          vm_actor
     00000003  b_vm_actor_set_pos                 vm_actor
     00000003  b_vm_actor_set_spritesheet         vm_actor
     00000003  b_vm_actor_set_spritesheet_by_re   vm_actor
     00000003  b_vm_actor_terminate_update        vm_actor
     00000003  l__HEADER9                      
     00000003  l__HEADER_LCD0                  
     00000003  l__HRAM12                       
     00000004  ___bank_VM_MAIN                    vm
     00000004  ___bank_actor_13_update            actor_13_update
     00000004  ___bank_font_gbs_var1              font_gbs_var1
     00000004  ___bank_scene_6_sprites            scene_6_sprites
     00000004  ___bank_song_test1_Data            song_test1_Data
     00000004  ___bank_song_victory_Data          song_victory_Data
     00000004  b_do_load_palette                  data_manager
     00000004  b_load_background                  data_manager
     00000004  b_load_bkg_tileset                 data_manager
     00000004  b_load_bounds                      data_manager
     00000004  b_load_emote                       data_manager
     00000004  b_load_init                        data_manager
     00000004  b_load_player                      data_manager
     00000004  b_load_scene                       data_manager
     00000004  b_load_sprite                      data_manager
     00000004  b_script_detach_hthread            vm
ASxxxx Linker V03.00/V05.40 + sdld,  page 4.
Hexadecimal  [32-Bits]

Area                                    Addr        Size        Decimal Bytes (Attributes)
--------------------------------        ----        ----        ------- ----- ------------
.  .ABS.                            00000000    00000000 =           0. bytes (ABS,CON)

      Value  Global                              Global Defined In Module
      -----  --------------------------------   ------------------------
     00000004  b_script_execute                   vm
     00000004  b_script_runner_init               vm
     00000004  b_script_terminate                 vm
     00000004  b_vm_call                          vm
     00000004  b_vm_call_far                      vm
     00000004  b_vm_get_indirect                  vm
     00000004  b_vm_get_tlocal                    vm
     00000004  b_vm_idle                          vm
     00000004  b_vm_if                            vm
     00000004  b_vm_if_const                      vm
     00000004  b_vm_init_rng                      vm
     00000004  b_vm_invoke                        vm
     00000004  b_vm_join                          vm
     00000004  b_vm_jump                          vm
     00000004  b_vm_lock                          vm
     00000004  b_vm_loop                          vm
     00000004  b_vm_memcpy                        vm
     00000004  b_vm_memset                        vm
     00000004  b_vm_poll_loaded                   vm
     00000004  b_vm_pop                           vm
     00000004  b_vm_push                          vm
     00000004  b_vm_push_reference                vm
     00000004  b_vm_push_value                    vm
     00000004  b_vm_push_value_ind                vm
     00000004  b_vm_raise                         vm
     00000004  b_vm_rand                          vm
     00000004  b_vm_reserve                       vm
     00000004  b_vm_ret                           vm
     00000004  b_vm_ret_far                       vm
     00000004  b_vm_set                           vm
     00000004  b_vm_set_const                     vm
     00000004  b_vm_set_indirect                  vm
     00000004  b_vm_terminate                     vm
     00000004  b_vm_test_terminate                vm
     00000004  b_vm_unlock                        vm
     00000004  b_wait_frames                      vm
     00000004  l__CRASH_HEADER1                
     00000004  l__HEADER_SIO0                  
     00000004  l__HEADER_TIMER0                
     00000005  ___bank_bg_boss_arena_tileset      bg_boss_arena_tileset
     00000005  ___bank_bg_scene1_tilemap          bg_scene1_tilemap
     00000005  ___bank_bg_scene1_tileset          bg_scene1_tileset
     00000005  ___bank_bg_scene2_tileset          bg_scene2_tileset
     00000005  ___bank_bg_scene6_tileset          bg_scene6_tileset
     00000005  ___bank_scene_0_collisions         scene_0_collisions
     00000005  ___bank_scene_0_sprites            scene_0_sprites
     00000005  ___bank_song_test25_Data           song_test25_Data
     00000005  b_projectile_launch                projectiles
     00000005  b_projectiles_init                 projectiles
     00000005  b_scroll_init                      scroll
     00000005  b_scroll_repaint                   scroll
ASxxxx Linker V03.00/V05.40 + sdld,  page 5.
Hexadecimal  [32-Bits]

Area                                    Addr        Size        Decimal Bytes (Attributes)
--------------------------------        ----        ----        ------- ----- ------------
.  .ABS.                            00000000    00000000 =           0. bytes (ABS,CON)

      Value  Global                              Global Defined In Module
      -----  --------------------------------   ------------------------
     00000005  b_scroll_reset                     scroll
     00000005  b_scroll_update                    scroll
     00000005  l__CRASH_HEADER0                
     00000005  l__HEADER1                      
     00000006  ___bank_VM_GAMEBOY                 vm_gameboy
     00000006  ___bank_VM_UI                      vm_ui
     00000006  ___bank_actor_26_interact          actor_26_interact
     00000006  ___bank_bg_scene2_tilemap          bg_scene2_tilemap
     00000006  ___bank_bg_scene3_tileset          bg_scene3_tileset
     00000006  ___bank_bg_scene4_tilemap          bg_scene4_tilemap
     00000006  ___bank_bg_scene4_tileset          bg_scene4_tileset
     00000006  ___bank_bg_scene5_tilemap          bg_scene5_tilemap
     00000006  ___bank_bg_scene5_tileset          bg_scene5_tileset
     00000006  ___bank_bg_scene6_tilemap          bg_scene6_tilemap
     00000006  ___bank_bg_scene7_tilemap          bg_scene7_tilemap
     00000006  ___bank_bg_scene7_tileset          bg_scene7_tileset
     00000006  ___bank_scene_3_collisions         scene_3_collisions
     00000006  ___bank_scene_5_collisions         scene_5_collisions
     00000006  b_vm_choice                        vm_ui
     00000006  b_vm_context_prepare               vm_gameboy
     00000006  b_vm_display_text                  vm_ui
     00000006  b_vm_fade                          vm_gameboy
     00000006  b_vm_get_tile_xy                   vm_gameboy
     00000006  b_vm_input_attach                  vm_gameboy
     00000006  b_vm_input_detach                  vm_gameboy
     00000006  b_vm_input_get                     vm_gameboy
     00000006  b_vm_input_wait                    vm_gameboy
     00000006  b_vm_load_tileset                  vm_gameboy
     00000006  b_vm_overlay_clear                 vm_ui
     00000006  b_vm_overlay_move_to               vm_ui
     00000006  b_vm_overlay_scroll                vm_ui
     00000006  b_vm_overlay_set_map               vm_ui
     00000006  b_vm_overlay_set_scroll            vm_ui
     00000006  b_vm_overlay_set_submap            vm_ui
     00000006  b_vm_overlay_set_submap_ex         vm_ui
     00000006  b_vm_overlay_setpos                vm_ui
     00000006  b_vm_overlay_show                  vm_ui
     00000006  b_vm_overlay_wait                  vm_ui
     00000006  b_vm_poll                          vm_gameboy
     00000006  b_vm_replace_tile                  vm_gameboy
     00000006  b_vm_replace_tile_xy               vm_gameboy
     00000006  b_vm_rumble                        vm_gameboy
     00000006  b_vm_set_font                      vm_ui
     00000006  b_vm_set_sprite_mode               vm_gameboy
     00000006  b_vm_set_sprites_visible           vm_gameboy
     00000006  b_vm_set_text_sound                vm_ui
     00000006  b_vm_switch_text_layer             vm_ui
     00000006  b_vm_timer_prepare                 vm_gameboy
     00000006  b_vm_timer_reset                   vm_gameboy
     00000006  b_vm_timer_set                     vm_gameboy
     00000006  b_vm_timer_stop                    vm_gameboy
ASxxxx Linker V03.00/V05.40 + sdld,  page 6.
Hexadecimal  [32-Bits]

Area                                    Addr        Size        Decimal Bytes (Attributes)
--------------------------------        ----        ----        ------- ----- ------------
.  .ABS.                            00000000    00000000 =           0. bytes (ABS,CON)

      Value  Global                              Global Defined In Module
      -----  --------------------------------   ------------------------
     00000006  l__HEADER8                      
     00000007  ___bank_VM_CAMERA                  vm_camera
     00000007  ___bank_VM_SIO                     vm_sio
     00000007  ___bank_actor_11_update            actor_11_update
     00000007  ___bank_actor_1_interact           actor_1_interact
     00000007  ___bank_bg_scene3_tilemap          bg_scene3_tilemap
     00000007  ___bank_scene_4_collisions         scene_4_collisions
     00000007  ___bank_scene_6_collisions         scene_6_collisions
     00000007  ___bank_scene_7_collisions         scene_7_collisions
     00000007  ___bank_scene_8_collisions         scene_8_collisions
     00000007  ___bank_script_timer_0             script_timer_0
     00000007  ___bank_sprite_boss_assets         sprite_boss_assets
     00000007  ___bank_sprite_boss_assets_tiles   sprite_boss_assets_tileset
     00000007  ___bank_sprite_char_assets         sprite_char_assets
     00000007  ___bank_sprite_char_assets_tiles   sprite_char_assets_tileset
     00000007  ___bank_sprite_ran_num_tileset     sprite_ran_num_tileset
     00000007  ___bank_trigger_5_interact         trigger_5_interact
     00000007  b___HandleCrash_banked             
     00000007  b_atan2                            math_atan2
     00000007  b_camera_shake_frames              vm_camera
     00000007  b_core_reset                       core
     00000007  b_core_run                         core
     00000007  b_data_clear                       load_save
     00000007  b_data_init                        load_save
     00000007  b_data_load                        load_save
     00000007  b_data_peek                        load_save
     00000007  b_data_save                        load_save
     00000007  b_fade_applypalettechange          fade_manager
     00000007  b_fade_in                          fade_manager
     00000007  b_fade_in_modal                    fade_manager
     00000007  b_fade_init                        fade_manager
     00000007  b_fade_out                         fade_manager
     00000007  b_fade_out_modal                   fade_manager
     00000007  b_fade_setspeed                    fade_manager
     00000007  b_fade_update                      fade_manager
     00000007  b_set_sgb_border                   sgb_border
     00000007  b_trigger_activate_at              trigger
     00000007  b_trigger_activate_at_intersecti   trigger
     00000007  b_trigger_at_intersection          trigger
     00000007  b_trigger_at_tile                  trigger
     00000007  b_trigger_interact                 trigger
     00000007  b_trigger_reset                    trigger
     00000007  b_vm_camera_move_to                vm_camera
     00000007  b_vm_camera_set_pos                vm_camera
     00000007  b_vm_sio_exchange                  vm_sio
     00000007  b_vm_sio_set_mode                  vm_sio
     00000007  l__HEADER2                      
     00000008  ___bank_VM_GBPRINTER               vm_gbprinter
     00000008  ___bank_VM_MATH                    vm_math
     00000008  ___bank_VM_MUSIC                   vm_music
     00000008  ___bank_VM_PALETTE                 vm_palette
ASxxxx Linker V03.00/V05.40 + sdld,  page 7.
Hexadecimal  [32-Bits]

Area                                    Addr        Size        Decimal Bytes (Attributes)
--------------------------------        ----        ----        ------- ----- ------------
.  .ABS.                            00000000    00000000 =           0. bytes (ABS,CON)

      Value  Global                              Global Defined In Module
      -----  --------------------------------   ------------------------
     00000008  ___bank_VM_PROJECTILE              vm_projectiles
     00000008  ___bank_VM_RTC                     vm_rtc
     00000008  ___bank_actor_10_update            actor_10_update
     00000008  ___bank_actor_12_interact          actor_12_interact
     00000008  ___bank_actor_13_interact          actor_13_interact
     00000008  ___bank_actor_14_interact          actor_14_interact
     00000008  ___bank_actor_14_update            actor_14_update
     00000008  ___bank_actor_15_interact          actor_15_interact
     00000008  ___bank_actor_16_interact          actor_16_interact
     00000008  ___bank_actor_17_interact          actor_17_interact
     00000008  ___bank_actor_18_interact          actor_18_interact
     00000008  ___bank_actor_18_update            actor_18_update
     00000008  ___bank_actor_19_interact          actor_19_interact
     00000008  ___bank_actor_19_update            actor_19_update
     00000008  ___bank_actor_20_interact          actor_20_interact
     00000008  ___bank_actor_20_update            actor_20_update
     00000008  ___bank_actor_21_interact          actor_21_interact
     00000008  ___bank_actor_22_interact          actor_22_interact
     00000008  ___bank_actor_23_interact          actor_23_interact
     00000008  ___bank_actor_25_interact          actor_25_interact
     00000008  ___bank_actor_6_update             actor_6_update
     00000008  ___bank_actor_7_update             actor_7_update
     00000008  ___bank_actor_9_interact           actor_9_interact
     00000008  ___bank_bg_boss_arena_tilemap      bg_boss_arena_tilemap
     00000008  ___bank_bg_boss_arena_tileset_bi   bg_boss_arena_tileset_binary
     00000008  ___bank_bg_game_over_screen_tile   bg_game_over_screen_tilemap
     00000008  ___bank_bg_game_start_tilemap      bg_game_start_tilemap
     00000008  ___bank_bg_win_screen_tilemap      bg_win_screen_tilemap
     00000008  ___bank_emote_anger                emote_anger
     00000008  ___bank_scene_0_actors             scene_0_actors
     00000008  ___bank_scene_10_collisions        scene_10_collisions
     00000008  ___bank_scene_11_collisions        scene_11_collisions
     00000008  ___bank_scene_2_actors             scene_2_actors
     00000008  ___bank_scene_2_collisions         scene_2_collisions
     00000008  ___bank_scene_3_actors             scene_3_actors
     00000008  ___bank_scene_5_actors             scene_5_actors
     00000008  ___bank_scene_6_actors             scene_6_actors
     00000008  ___bank_scene_7_actors             scene_7_actors
     00000008  ___bank_scene_8_actors             scene_8_actors
     00000008  ___bank_scene_9_collisions         scene_9_collisions
     00000008  ___bank_script_0                   script_0
     00000008  ___bank_script_1                   script_1
     00000008  ___bank_script_8                   script_8
     00000008  ___bank_sound_laser_gun_vgm        sound_laser_gun_vgm
     00000008  ___bank_sprite_actor_animated      sprite_actor_animated
     00000008  ___bank_sprite_actor_animated_ti   sprite_actor_animated_tilese
     00000008  ___bank_sprite_heart               sprite_heart
     00000008  ___bank_sprite_ran_num             sprite_ran_num
     00000008  ___bank_sprite_trike               sprite_trike
     00000008  ___bank_sprite_trike_tileset       sprite_trike_tileset
     00000008  ___bank_trigger_13_interact        trigger_13_interact
ASxxxx Linker V03.00/V05.40 + sdld,  page 8.
Hexadecimal  [32-Bits]

Area                                    Addr        Size        Decimal Bytes (Attributes)
--------------------------------        ----        ----        ------- ----- ------------
.  .ABS.                            00000000    00000000 =           0. bytes (ABS,CON)

      Value  Global                              Global Defined In Module
      -----  --------------------------------   ------------------------
     00000008  ___bank_trigger_14_interact        trigger_14_interact
     00000008  ___bank_trigger_15_interact        trigger_15_interact
     00000008  ___bank_trigger_16_interact        trigger_16_interact
     00000008  ___bank_trigger_17_interact        trigger_17_interact
     00000008  ___bank_trigger_19_interact        trigger_19_interact
     00000008  ___bank_trigger_22_interact        trigger_22_interact
     00000008  ___bank_trigger_30_interact        trigger_30_interact
     00000008  ___bank_trigger_31_interact        trigger_31_interact
     00000008  ___mute_mask_sound_sword_slash_v   sound_sword_slash_vgm
     00000008  b_erase_flash                      
     00000008  b_itoa_fmt                         vm_ui_a
     00000008  b_music_events_poll                music_manager
     00000008  b_music_init_driver                music_manager
     00000008  b_music_init_events                music_manager
     00000008  b_save_sram_banks                  
     00000008  b_vm_cos_scale                     vm_math
     00000008  b_vm_load_palette                  vm_palette
     00000008  b_vm_music_mute                    vm_music
     00000008  b_vm_music_play                    vm_music
     00000008  b_vm_music_routine                 vm_music
     00000008  b_vm_music_setpos                  vm_music
     00000008  b_vm_music_stop                    vm_music
     00000008  b_vm_print_detect                  vm_gbprinter
     00000008  b_vm_print_overlay                 vm_gbprinter
     00000008  b_vm_projectile_launch             vm_projectiles
     00000008  b_vm_projectile_load_type          vm_projectiles
     00000008  b_vm_rtc_get                       vm_rtc
     00000008  b_vm_rtc_latch                     vm_rtc
     00000008  b_vm_rtc_set                       vm_rtc
     00000008  b_vm_rtc_start                     vm_rtc
     00000008  b_vm_sfx_play                      vm_music
     00000008  b_vm_sin_scale                     vm_math
     00000008  b_vm_sound_mastervol               vm_music
     00000008  l__HEADER3                      
     00000009  ___bank_VM_LOAD_SAVE               vm_load_save
     00000009  ___bank_actor_10_interact          actor_10_interact
     00000009  ___bank_actor_11_interact          actor_11_interact
     00000009  ___bank_actor_12_update            actor_12_update
     00000009  ___bank_actor_15_update            actor_15_update
     00000009  ___bank_actor_16_update            actor_16_update
     00000009  ___bank_actor_17_update            actor_17_update
     00000009  ___bank_actor_21_update            actor_21_update
     00000009  ___bank_actor_22_update            actor_22_update
     00000009  ___bank_actor_23_update            actor_23_update
     00000009  ___bank_actor_2_interact           actor_2_interact
     00000009  ___bank_actor_2_update             actor_2_update
     00000009  ___bank_actor_3_interact           actor_3_interact
     00000009  ___bank_actor_4_interact           actor_4_interact
     00000009  ___bank_actor_4_update             actor_4_update
     00000009  ___bank_actor_5_interact           actor_5_interact
     00000009  ___bank_actor_5_update             actor_5_update
ASxxxx Linker V03.00/V05.40 + sdld,  page 9.
Hexadecimal  [32-Bits]

Area                                    Addr        Size        Decimal Bytes (Attributes)
--------------------------------        ----        ----        ------- ----- ------------
.  .ABS.                            00000000    00000000 =           0. bytes (ABS,CON)

      Value  Global                              Global Defined In Module
      -----  --------------------------------   ------------------------
     00000009  ___bank_actor_6_interact           actor_6_interact
     00000009  ___bank_actor_7_interact           actor_7_interact
     00000009  ___bank_actor_8_interact           actor_8_interact
     00000009  ___bank_actor_8_update             actor_8_update
     00000009  ___bank_actor_9_update             actor_9_update
     00000009  ___bank_bg_boss_arena              bg_boss_arena
     00000009  ___bank_bg_boss_arena_tileset_bi   bg_boss_arena_tileset_binary
     00000009  ___bank_bg_game_over_screen        bg_game_over_screen
     00000009  ___bank_bg_game_start              bg_game_start
     00000009  ___bank_bg_scene1                  bg_scene1
     00000009  ___bank_bg_scene2                  bg_scene2
     00000009  ___bank_bg_scene3                  bg_scene3
     00000009  ___bank_bg_scene4                  bg_scene4
     00000009  ___bank_bg_scene5                  bg_scene5
     00000009  ___bank_bg_scene6                  bg_scene6
     00000009  ___bank_bg_scene7                  bg_scene7
     00000009  ___bank_bg_win_screen              bg_win_screen
     00000009  ___bank_bootstrap_script           
     00000009  ___bank_cursor_image               cursor_image
     00000009  ___bank_emote_love                 emote_love
     00000009  ___bank_emote_skull                emote_skull
     00000009  ___bank_frame_image                frame_image
     00000009  ___bank_palette_0                  palette_0
     00000009  ___bank_palette_1                  palette_1
     00000009  ___bank_scene_0                    scene_0
     00000009  ___bank_scene_0_init               scene_0_init
     00000009  ___bank_scene_0_p_hit1             scene_0_p_hit1
     00000009  ___bank_scene_0_projectiles        scene_0_projectiles
     00000009  ___bank_scene_0_triggers           scene_0_triggers
     00000009  ___bank_scene_10                   scene_10
     00000009  ___bank_scene_10_init              scene_10_init
     00000009  ___bank_scene_11                   scene_11
     00000009  ___bank_scene_11_init              scene_11_init
     00000009  ___bank_scene_2                    scene_2
     00000009  ___bank_scene_2_init               scene_2_init
     00000009  ___bank_scene_2_p_hit1             scene_2_p_hit1
     00000009  ___bank_scene_2_projectiles        scene_2_projectiles
     00000009  ___bank_scene_2_sprites            scene_2_sprites
     00000009  ___bank_scene_2_triggers           scene_2_triggers
     00000009  ___bank_scene_3                    scene_3
     00000009  ___bank_scene_3_init               scene_3_init
     00000009  ___bank_scene_3_p_hit1             scene_3_p_hit1
     00000009  ___bank_scene_3_projectiles        scene_3_projectiles
     00000009  ___bank_scene_3_sprites            scene_3_sprites
     00000009  ___bank_scene_3_triggers           scene_3_triggers
     00000009  ___bank_scene_4                    scene_4
     00000009  ___bank_scene_4_actors             scene_4_actors
     00000009  ___bank_scene_4_init               scene_4_init
     00000009  ___bank_scene_4_p_hit1             scene_4_p_hit1
     00000009  ___bank_scene_4_projectiles        scene_4_projectiles
     00000009  ___bank_scene_4_sprites            scene_4_sprites
ASxxxx Linker V03.00/V05.40 + sdld,  page 10.
Hexadecimal  [32-Bits]

Area                                    Addr        Size        Decimal Bytes (Attributes)
--------------------------------        ----        ----        ------- ----- ------------
.  .ABS.                            00000000    00000000 =           0. bytes (ABS,CON)

      Value  Global                              Global Defined In Module
      -----  --------------------------------   ------------------------
     00000009  ___bank_scene_4_triggers           scene_4_triggers
     00000009  ___bank_scene_5                    scene_5
     00000009  ___bank_scene_5_init               scene_5_init
     00000009  ___bank_scene_5_p_hit1             scene_5_p_hit1
     00000009  ___bank_scene_5_projectiles        scene_5_projectiles
     00000009  ___bank_scene_5_sprites            scene_5_sprites
     00000009  ___bank_scene_5_triggers           scene_5_triggers
     00000009  ___bank_scene_6                    scene_6
     00000009  ___bank_scene_6_init               scene_6_init
     00000009  ___bank_scene_6_p_hit1             scene_6_p_hit1
     00000009  ___bank_scene_6_projectiles        scene_6_projectiles
     00000009  ___bank_scene_6_triggers           scene_6_triggers
     00000009  ___bank_scene_7                    scene_7
     00000009  ___bank_scene_7_init               scene_7_init
     00000009  ___bank_scene_7_p_hit1             scene_7_p_hit1
     00000009  ___bank_scene_7_projectiles        scene_7_projectiles
     00000009  ___bank_scene_7_sprites            scene_7_sprites
     00000009  ___bank_scene_7_triggers           scene_7_triggers
     00000009  ___bank_scene_8                    scene_8
     00000009  ___bank_scene_8_init               scene_8_init
     00000009  ___bank_scene_8_p_hit1             scene_8_p_hit1
     00000009  ___bank_scene_8_projectiles        scene_8_projectiles
     00000009  ___bank_scene_8_sprites            scene_8_sprites
     00000009  ___bank_scene_8_triggers           scene_8_triggers
     00000009  ___bank_scene_9                    scene_9
     00000009  ___bank_scene_9_init               scene_9_init
     00000009  ___bank_script_11                  script_11
     00000009  ___bank_script_12                  script_12
     00000009  ___bank_script_13                  script_13
     00000009  ___bank_script_14                  script_14
     00000009  ___bank_script_2                   script_2
     00000009  ___bank_script_3                   script_3
     00000009  ___bank_script_4                   script_4
     00000009  ___bank_script_6                   script_6
     00000009  ___bank_script_7                   script_7
     00000009  ___bank_script_engine_init         
     00000009  ___bank_script_input               script_input
     00000009  ___bank_script_input_11            script_input_11
     00000009  ___bank_script_input_9             script_input_9
     00000009  ___bank_script_timer               script_timer
     00000009  ___bank_script_timer_13            script_timer_13
     00000009  ___bank_script_timer_4             script_timer_4
     00000009  ___bank_script_timer_5             script_timer_5
     00000009  ___bank_script_timer_6             script_timer_6
     00000009  ___bank_script_timer_7             script_timer_7
     00000009  ___bank_sound_click_vgm            sound_click_vgm
     00000009  ___bank_sound_hurt_vgm             sound_hurt_vgm
     00000009  ___bank_sound_sword_slash_vgm      sound_sword_slash_vgm
     00000009  ___bank_sprite_bag                 sprite_bag
     00000009  ___bank_sprite_bag_tileset         sprite_bag_tileset
     00000009  ___bank_sprite_bat                 sprite_bat
ASxxxx Linker V03.00/V05.40 + sdld,  page 11.
Hexadecimal  [32-Bits]

Area                                    Addr        Size        Decimal Bytes (Attributes)
--------------------------------        ----        ----        ------- ----- ------------
.  .ABS.                            00000000    00000000 =           0. bytes (ABS,CON)

      Value  Global                              Global Defined In Module
      -----  --------------------------------   ------------------------
     00000009  ___bank_sprite_bat_tileset         sprite_bat_tileset
     00000009  ___bank_sprite_book                sprite_book
     00000009  ___bank_sprite_book_shot_left_co   sprite_book_shot_left_copy
     00000009  ___bank_sprite_book_shot_left_co   sprite_book_shot_left_copy_t
     00000009  ___bank_sprite_book_tileset        sprite_book_tileset
     00000009  ___bank_sprite_boss_proj           sprite_boss_proj
     00000009  ___bank_sprite_boss_proj_tileset   sprite_boss_proj_tileset
     00000009  ___bank_sprite_char_assets_copy    sprite_char_assets_copy
     00000009  ___bank_sprite_char_assets_copy_   sprite_char_assets_copy_tile
     00000009  ___bank_sprite_gubble              sprite_gubble
     00000009  ___bank_sprite_gubble_tileset      sprite_gubble_tileset
     00000009  ___bank_sprite_heart_tileset       sprite_heart_tileset
     00000009  ___bank_sprite_invis_right_copy    sprite_invis_right_copy
     00000009  ___bank_sprite_static              sprite_static
     00000009  ___bank_spritesheet_none           spritesheet_none
     00000009  ___bank_tileset_binary_screen      tileset_binary_screen
     00000009  ___bank_tileset_default_frame      tileset_default_frame
     00000009  ___bank_trigger_0_interact         trigger_0_interact
     00000009  ___bank_trigger_10_interact        trigger_10_interact
     00000009  ___bank_trigger_11_interact        trigger_11_interact
     00000009  ___bank_trigger_12_interact        trigger_12_interact
     00000009  ___bank_trigger_18_interact        trigger_18_interact
     00000009  ___bank_trigger_1_interact         trigger_1_interact
     00000009  ___bank_trigger_20_interact        trigger_20_interact
     00000009  ___bank_trigger_23_interact        trigger_23_interact
     00000009  ___bank_trigger_24_interact        trigger_24_interact
     00000009  ___bank_trigger_25_interact        trigger_25_interact
     00000009  ___bank_trigger_26_interact        trigger_26_interact
     00000009  ___bank_trigger_27_interact        trigger_27_interact
     00000009  ___bank_trigger_28_interact        trigger_28_interact
     00000009  ___bank_trigger_29_interact        trigger_29_interact
     00000009  ___bank_trigger_2_interact         trigger_2_interact
     00000009  ___bank_trigger_32_interact        trigger_32_interact
     00000009  ___bank_trigger_33_interact        trigger_33_interact
     00000009  ___bank_trigger_34_interact        trigger_34_interact
     00000009  ___bank_trigger_35_interact        trigger_35_interact
     00000009  ___bank_trigger_3_interact         trigger_3_interact
     00000009  ___bank_trigger_4_interact         trigger_4_interact
     00000009  ___bank_trigger_6_interact         trigger_6_interact
     00000009  ___bank_trigger_7_interact         trigger_7_interact
     00000009  ___bank_trigger_8_interact         trigger_8_interact
     00000009  ___bank_trigger_9_interact         trigger_9_interact
     00000009  b_SIO_init                         sio
     00000009  b_camera_init                      camera
     00000009  b_events_init                      events
     00000009  b_input_init                       input
     00000009  b_logo_init                        logo
     00000009  b_logo_update                      logo
     00000009  b_palette_init                     palette
     00000009  b_remove_LCD_ISRs                  interrupts
     00000009  b_restore_sram                     flasher
ASxxxx Linker V03.00/V05.40 + sdld,  page 12.
Hexadecimal  [32-Bits]

Area                                    Addr        Size        Decimal Bytes (Attributes)
--------------------------------        ----        ----        ------- ----- ------------
.  .ABS.                            00000000    00000000 =           0. bytes (ABS,CON)

      Value  Global                              Global Defined In Module
      -----  --------------------------------   ------------------------
     00000009  b_restore_sram_bank                flasher
     00000009  b_save_sram                        flasher
     00000009  b_scroll_rect                      
     00000009  b_timers_init                      events
     00000009  b_vm_save_clear                    vm_load_save
     00000009  b_vm_save_peek                     vm_load_save
     0000000A  ___mute_mask_sound_laser_gun_vgm   sound_laser_gun_vgm
     0000000C  __start_save                    
     00000018  l__INITIALIZED                  
     00000018  l__INITIALIZER                  
     00000027  l__GSINIT                       
     00000030  l__HEADER7                      
     00000060  l__HEADER4                      
     000000AB  l__HEADER11                     
     000001CB  l__CRASH_SCRATCH2               
     00000200  s__CODE                         
     00000E4C  l__CODE                         
     0000104C  s__HOME                         
     0000198E  l__DATA                         
     00002000  _rROMB0                            
     00002C6D  l__HOME                         
     00002E02  l__CODE_9                       
     00003000  _rROMB1                            
     00003CB9  s__BASE                         
     00003CB9  s__CODE_0                       
     00003CB9  s__INITIALIZER                  
     00003CB9  s__LIT                          
     00003CD1  s__GSINIT                       
     00003CF8  s__GSFINAL                      
     00003FFE  l__CODE_4                       
     00003FFF  l__CODE_5                       
     00004000  _RTC_SELECT_REG                    vm_rtc
     00004000  _rRAMB                             
     00004000  l__CODE_1                       
     00004000  l__CODE_2                       
     00004000  l__CODE_3                       
     00004000  l__CODE_6                       
     00004000  l__CODE_7                       
     00004000  l__CODE_8                       
     00006000  _RTC_LATCH_REG                     vm_rtc
     00008000  __VRAM                             
     00008000  __VRAM8000                         
     00008800  __VRAM8800                         
     00009000  __VRAM9000                         
     00009800  __SCRN0                            
     00009C00  __SCRN1                            
     0000A000  _RTC_VALUE_REG                     vm_rtc
     0000A000  __SRAM                             
     0000C000  __RAM                              
     0000C000  _shadow_OAM                     
     0000C0A0  s__DATA                         
ASxxxx Linker V03.00/V05.40 + sdld,  page 13.
Hexadecimal  [32-Bits]

Area                                    Addr        Size        Decimal Bytes (Attributes)
--------------------------------        ----        ----        ------- ----- ------------
.  .ABS.                            00000000    00000000 =           0. bytes (ABS,CON)

      Value  Global                              Global Defined In Module
      -----  --------------------------------   ------------------------
     0000D000  __RAMBANK                          
     0000DA2E  s__BSS                          
     0000DA2E  s__INITIALIZED                  
     0000DA46  s__HEAP                         
     0000DA46  s__HEAP_END                     
     0000DF00  .STACK                          
     0000DF00  _shadow_OAM2                       absolute
     0000DFA0  _BkgPalette                        absolute
     0000DFE0  _vwf_tile_data                     absolute
     0000FE00  __OAMRAM                           
     0000FF00  _P1_REG                            
     0000FF00  __IO                               
     0000FF01  _SB_REG                            
     0000FF02  _SC_REG                            
     0000FF04  _DIV_REG                           
     0000FF05  _TIMA_REG                          
     0000FF06  _TMA_REG                           
     0000FF07  _TAC_REG                           
     0000FF0F  _IF_REG                            
     0000FF10  _NR10_REG                          
     0000FF11  _NR11_REG                          
     0000FF12  _NR12_REG                          
     0000FF13  _NR13_REG                          
     0000FF14  _NR14_REG                          
     0000FF16  _NR21_REG                          
     0000FF17  _NR22_REG                          
     0000FF18  _NR23_REG                          
     0000FF19  _NR24_REG                          
     0000FF1A  _NR30_REG                          
     0000FF1B  _NR31_REG                          
     0000FF1C  _NR32_REG                          
     0000FF1D  _NR33_REG                          
     0000FF1E  _NR34_REG                          
     0000FF20  _NR41_REG                          
     0000FF21  _NR42_REG                          
     0000FF22  _NR43_REG                          
     0000FF23  _NR44_REG                          
     0000FF24  _NR50_REG                          
     0000FF25  _NR51_REG                          
     0000FF26  _NR52_REG                          
     0000FF30  _AUD3WAVE                          
     0000FF30  _PCM_SAMPLE                        
     0000FF30  __AUD3WAVERAM                      
     0000FF40  _LCDC_REG                          
     0000FF41  _STAT_REG                          
     0000FF42  _SCY_REG                           
     0000FF43  _SCX_REG                           
     0000FF44  _LY_REG                            
     0000FF45  _LYC_REG                           
     0000FF46  _DMA_REG                           
     0000FF47  _BGP_REG                           
ASxxxx Linker V03.00/V05.40 + sdld,  page 14.
Hexadecimal  [32-Bits]

Area                                    Addr        Size        Decimal Bytes (Attributes)
--------------------------------        ----        ----        ------- ----- ------------
.  .ABS.                            00000000    00000000 =           0. bytes (ABS,CON)

      Value  Global                              Global Defined In Module
      -----  --------------------------------   ------------------------
     0000FF48  _OBP0_REG                          
     0000FF49  _OBP1_REG                          
     0000FF4A  _WY_REG                            
     0000FF4B  _WX_REG                            
     0000FF4D  _KEY1_REG                          
     0000FF4F  _VBK_REG                           
     0000FF51  _HDMA1_REG                         
     0000FF52  _HDMA2_REG                         
     0000FF53  _HDMA3_REG                         
     0000FF54  _HDMA4_REG                         
     0000FF55  _HDMA5_REG                         
     0000FF56  _RP_REG                            
     0000FF68  _BCPS_REG                          
     0000FF69  _BCPD_REG                          
     0000FF6A  _OCPS_REG                          
     0000FF6B  _OCPD_REG                          
     0000FF70  _SVBK_REG                          
     0000FF76  _PCM12_REG                         
     0000FF77  _PCM34_REG                         
     0000FF80  .refresh_OAM                    
     0000FF80  __HRAM                             
     0000FFFF  _IE_REG                            
     00014000  s__CODE_1                       
     00024000  s__CODE_2                       
     00034000  s__CODE_3                       
     00044000  s__CODE_4                       
     00054000  s__CODE_5                       
     00064000  s__CODE_6                       
     00074000  s__CODE_7                       
     00084000  s__CODE_8                       
     00094000  s__CODE_9                       
ASxxxx Linker V03.00/V05.40 + sdld,  page 15.
Hexadecimal  [32-Bits]

Area                                    Addr        Size        Decimal Bytes (Attributes)
--------------------------------        ----        ----        ------- ----- ------------
_CODE                               00000200    00000E4C =        3660. bytes (REL,CON)

      Value  Global                              Global Defined In Module
      -----  --------------------------------   ------------------------
     00000200  ___HandleCrash                     
     0000020A  _SIO_send_byte                     
     0000021D  _SIO_receive                       
     0000022E  _GetWinAddr                        
     00000236  _GetBkgAddr                        
     00000244  _state_init                        
     00000249  _state_update                      
     0000026B  _ui_time_masks                     
     00000273  _ui_print_shift_char               
     000002F6  _ui_draw_frame_row                 
     000002FF  .ui_draw_frame_row                 
     00000328  _script_cmds                       vm_instructions
     00000560  _save_signature                    game_signature
     00000564  _start_scene_x                     
     00000566  _start_scene_y                     
     00000568  _start_scene_dir                   
     00000569  _start_scene                       
     0000056C  _start_player_move_speed           
     0000056D  _start_player_anim_tick            
     0000056E  _ui_fonts                          
     00000571  _core_reset_hook                   main
     00000579  _main                              main
     00000581  _state_start_fns                   
     00000587  _state_update_fns                  
     0000058D  _hUGE_init                         hUGEDriver_obj
     0000058F  hUGE_init                          hUGEDriver_obj
     000005E5  _hUGE_mute_channel                 hUGEDriver_obj
     000005E7  hUGE_mute_channel                  hUGEDriver_obj
     00000835  _hUGE_set_position                 hUGEDriver_obj
     00000837  hUGE_set_position                  hUGEDriver_obj
     000009FC  _hUGE_dosound                      hUGEDriver_obj
     000009FC  hUGE_dosound                       hUGEDriver_obj
     00000D28  _get_vram_byte                     
     00000D30  _get_win_tile_xy                   
     00000D38  _get_bkg_tile_xy                   
     00000D5F  _hide_sprites_range                Metasprites
     00000D8E  __mulsuchar                        mul
     00000D91  __muluschar                        mul
     00000D9A  __mulschar                         mul
     00000DA2  __mulint                           mul
     00000DC1  __muluchar                         mul
     00000DD3  _set_vram_byte                     
     00000DDC  _set_win_tile_xy                   
     00000DE5  _set_bkg_tile_xy                   
     00000E14  .sgb_check                         
     00000E14  _sgb_check                         
     00000E5C  _sgb_transfer                      
     00000E61  .sgb_transfer                      
     00000EA2  .copy_vram                         
     00000EA8  _get_data                          
ASxxxx Linker V03.00/V05.40 + sdld,  page 16.
Hexadecimal  [32-Bits]

Area                                    Addr        Size        Decimal Bytes (Attributes)
--------------------------------        ----        ----        ------- ----- ------------
_CODE                               00000200    00000E4C =        3660. bytes (REL,CON)

      Value  Global                              Global Defined In Module
      -----  --------------------------------   ------------------------
     00000EA8  _set_data                          
     00000EA8  _vmemcpy                           
     00000EF6  ___move_metasprite                 Metasprites
     00000F33  ___memcpy                          
     00000F33  _memcpy                            
     00000F65  __divsuchar                        divmod
     00000F6B  __modsuchar                        divmod
     00000F74  __divuschar                        divmod
     00000F7D  __moduschar                        divmod
     00000F89  __divschar                         divmod
     00000F8E  __modschar                         divmod
     00000F95  __divsint                          divmod
     00000F9E  __modsint                          divmod
     00000FAA  __divuchar                         divmod
     00000FAF  __moduchar                         divmod
     00000FB6  __divuint                          divmod
     00000FBF  __moduint                          divmod
     00000FCB  .div8                              divmod
     00000FCB  .mod8                              divmod
     00000FD3  .div16                             divmod
     00000FD3  .mod16                             divmod
     00001009  .divu8                             divmod
     00001009  .modu8                             divmod
     0000100C  .divu16                            divmod
     0000100C  .modu16                            divmod
ASxxxx Linker V03.00/V05.40 + sdld,  page 17.
Hexadecimal  [32-Bits]

Area                                    Addr        Size        Decimal Bytes (Attributes)
--------------------------------        ----        ----        ------- ----- ------------
_HEADER0                            00000000    00000001 =           1. bytes (ABS,CON)

      Value  Global                              Global Defined In Module
      -----  --------------------------------   ------------------------
     00000020  .call_hl                           Runtime

ASxxxx Linker V03.00/V05.40 + sdld,  page 18.
Hexadecimal  [32-Bits]

Area                                    Addr        Size        Decimal Bytes (Attributes)
--------------------------------        ----        ----        ------- ----- ------------
_HEADER1                            00000000    00000005 =           5. bytes (ABS,CON)

      Value  Global                              Global Defined In Module
      -----  --------------------------------   ------------------------
     00000028  .MemsetSmall                       Runtime

ASxxxx Linker V03.00/V05.40 + sdld,  page 19.
Hexadecimal  [32-Bits]

Area                                    Addr        Size        Decimal Bytes (Attributes)
--------------------------------        ----        ----        ------- ----- ------------
_HEADER2                            00000000    00000007 =           7. bytes (ABS,CON)

      Value  Global                              Global Defined In Module
      -----  --------------------------------   ------------------------
     00000030  .MemcpySmall                       Runtime

ASxxxx Linker V03.00/V05.40 + sdld,  page 20.
Hexadecimal  [32-Bits]

Area                                    Addr        Size        Decimal Bytes (Attributes)
--------------------------------        ----        ----        ------- ----- ------------
_HEADER3                            00000000    00000008 =           8. bytes (ABS,CON)

      Value  Global                              Global Defined In Module
      -----  --------------------------------   ------------------------
ASxxxx Linker V03.00/V05.40 + sdld,  page 21.
Hexadecimal  [32-Bits]

Area                                    Addr        Size        Decimal Bytes (Attributes)
--------------------------------        ----        ----        ------- ----- ------------
_HEADER4                            00000000    00000060 =          96. bytes (ABS,CON)

      Value  Global                              Global Defined In Module
      -----  --------------------------------   ------------------------
     00000080  .int                               Runtime
     0000008F  _wait_int_handler                  Runtime
     0000009C  __standard_VBL_handler             Runtime
     000000AB  _refresh_OAM                       Runtime
     000000CC  _set_interrupts                    Runtime

ASxxxx Linker V03.00/V05.40 + sdld,  page 22.
Hexadecimal  [32-Bits]

Area                                    Addr        Size        Decimal Bytes (Attributes)
--------------------------------        ----        ----        ------- ----- ------------
_HEADER5                            00000000    00000001 =           1. bytes (ABS,CON)

      Value  Global                              Global Defined In Module
      -----  --------------------------------   ------------------------
ASxxxx Linker V03.00/V05.40 + sdld,  page 23.
Hexadecimal  [32-Bits]

Area                                    Addr        Size        Decimal Bytes (Attributes)
--------------------------------        ----        ----        ------- ----- ------------
_HEADER6                            00000000    00000002 =           2. bytes (ABS,CON)

      Value  Global                              Global Defined In Module
      -----  --------------------------------   ------------------------
ASxxxx Linker V03.00/V05.40 + sdld,  page 24.
Hexadecimal  [32-Bits]

Area                                    Addr        Size        Decimal Bytes (Attributes)
--------------------------------        ----        ----        ------- ----- ------------
_HEADER7                            00000000    00000030 =          48. bytes (ABS,CON)

      Value  Global                              Global Defined In Module
      -----  --------------------------------   ------------------------
ASxxxx Linker V03.00/V05.40 + sdld,  page 25.
Hexadecimal  [32-Bits]

Area                                    Addr        Size        Decimal Bytes (Attributes)
--------------------------------        ----        ----        ------- ----- ------------
_HEADER8                            00000000    00000006 =           6. bytes (ABS,CON)

      Value  Global                              Global Defined In Module
      -----  --------------------------------   ------------------------
ASxxxx Linker V03.00/V05.40 + sdld,  page 26.
Hexadecimal  [32-Bits]

Area                                    Addr        Size        Decimal Bytes (Attributes)
--------------------------------        ----        ----        ------- ----- ------------
_HEADER9                            00000000    00000003 =           3. bytes (ABS,CON)

      Value  Global                              Global Defined In Module
      -----  --------------------------------   ------------------------
ASxxxx Linker V03.00/V05.40 + sdld,  page 27.
Hexadecimal  [32-Bits]

Area                                    Addr        Size        Decimal Bytes (Attributes)
--------------------------------        ----        ----        ------- ----- ------------
_HEADERa                            00000000    00000001 =           1. bytes (ABS,CON)

      Value  Global                              Global Defined In Module
      -----  --------------------------------   ------------------------
ASxxxx Linker V03.00/V05.40 + sdld,  page 28.
Hexadecimal  [32-Bits]

Area                                    Addr        Size        Decimal Bytes (Attributes)
--------------------------------        ----        ----        ------- ----- ------------
_HEADERb                            00000000    00000001 =           1. bytes (ABS,CON)

      Value  Global                              Global Defined In Module
      -----  --------------------------------   ------------------------
ASxxxx Linker V03.00/V05.40 + sdld,  page 29.
Hexadecimal  [32-Bits]

Area                                    Addr        Size        Decimal Bytes (Attributes)
--------------------------------        ----        ----        ------- ----- ------------
_HEADERc                            00000000    00000001 =           1. bytes (ABS,CON)

      Value  Global                              Global Defined In Module
      -----  --------------------------------   ------------------------
ASxxxx Linker V03.00/V05.40 + sdld,  page 30.
Hexadecimal  [32-Bits]

Area                                    Addr        Size        Decimal Bytes (Attributes)
--------------------------------        ----        ----        ------- ----- ------------
_HEADERd                            00000000    00000002 =           2. bytes (ABS,CON)

      Value  Global                              Global Defined In Module
      -----  --------------------------------   ------------------------
ASxxxx Linker V03.00/V05.40 + sdld,  page 31.
Hexadecimal  [32-Bits]

Area                                    Addr        Size        Decimal Bytes (Attributes)
--------------------------------        ----        ----        ------- ----- ------------
_HEADERe                            00000000    00000001 =           1. bytes (ABS,CON)

      Value  Global                              Global Defined In Module
      -----  --------------------------------   ------------------------
ASxxxx Linker V03.00/V05.40 + sdld,  page 32.
Hexadecimal  [32-Bits]

Area                                    Addr        Size        Decimal Bytes (Attributes)
--------------------------------        ----        ----        ------- ----- ------------
_HEADERf                            00000000    00000001 =           1. bytes (ABS,CON)

      Value  Global                              Global Defined In Module
      -----  --------------------------------   ------------------------
ASxxxx Linker V03.00/V05.40 + sdld,  page 33.
Hexadecimal  [32-Bits]

Area                                    Addr        Size        Decimal Bytes (Attributes)
--------------------------------        ----        ----        ------- ----- ------------
_HEADER10                           00000000    00000002 =           2. bytes (ABS,CON)

      Value  Global                              Global Defined In Module
      -----  --------------------------------   ------------------------
ASxxxx Linker V03.00/V05.40 + sdld,  page 34.
Hexadecimal  [32-Bits]

Area                                    Addr        Size        Decimal Bytes (Attributes)
--------------------------------        ----        ----        ------- ----- ------------
_HEADER11                           00000000    000000AB =         171. bytes (ABS,CON)

      Value  Global                              Global Defined In Module
      -----  --------------------------------   ------------------------
     00000150  .reset                             Runtime
     00000150  _reset                             Runtime
     00000157  .code_start                        Runtime
     000001B9  _exit                              Runtime
     000001BD  .wait_vbl_done                     Runtime
     000001BD  _vsync                             Runtime
     000001BD  _wait_vbl_done                     Runtime
     000001CD  .remove_VBL                        Runtime
     000001CD  _remove_VBL                        Runtime
     000001D0  .remove_int                        Runtime
     000001ED  .add_VBL                           Runtime
     000001ED  _add_VBL                           Runtime
     000001F0  .add_int                           Runtime

ASxxxx Linker V03.00/V05.40 + sdld,  page 35.
Hexadecimal  [32-Bits]

Area                                    Addr        Size        Decimal Bytes (Attributes)
--------------------------------        ----        ----        ------- ----- ------------
_HOME                               0000104C    00002C6D =       11373. bytes (REL,CON)

      Value  Global                              Global Defined In Module
      -----  --------------------------------   ------------------------
     0000104C  .memset_simple                     Runtime
     00001055  .memcpy_simple                     Runtime
     00001072  .display_off                       Runtime
     00001072  _display_off                       Runtime
     0000108A  _actors_update                     actor
     000014E4  _SetBankedBkgData                  bankdata
     00001500  _SetBankedSpriteData               bankdata
     0000151C  _SetBankedBkgTiles                 bankdata
     00001538  _SetBankedWinTiles                 bankdata
     00001554  _ReadBankedFarPtr                  bankdata
     00001576  _ReadBankedUWORD                   bankdata
     00001590  _MemcpyBanked                      bankdata
     000015B2  _MemcpyVRAMBanked                  bankdata
     000015E1  _IndexOfFarPtr                     bankdata
     00001666  _camera_update                     camera
     00001799  _load_animations                   data_manager
     000017F2  _events_update                     events
     000018C5  _timers_update                     events
     0000194E  _input_update                      input
     00001971  .sio_ISR                           
     000019CB  .timer_ISR                         
     000019E0  _simple_LCD_isr                    interrupts
     00001A5F  _fullscreen_LCD_isr                interrupts
     00001A8B  _VBL_isr                           interrupts
     00001AD5  _isqrt                             math
     00001B32  _sine_wave                         math
     00001C32  _dir_lookup                        math
     00001C3A  _dir_angle_lookup                  math
     00001C3E  _hUGETrackerRoutine                music_manager
     00001C65  _music_events_update               music_manager
     00001CE7  _music_play_isr                    music_manager
     00001D88  _parallax_LCD_isr                  parallax
     00001DC5  _projectiles_update                projectiles
     00002246  _projectiles_render                projectiles
     0000239B  _scroll_load_pending_row           scroll
     000023E9  _scroll_load_row                   scroll
     00002429  _scroll_load_col                   scroll
     0000245E  _scroll_load_pending_col           scroll
     000024AD  _set_bkg_submap                    
     000024F0  _set_xy_win_submap                 
     0000251D  .set_xy_win_submap                 
     00002526  .set_xy_bkg_submap                 
     00002535  .set_xy_submap                     
     00002581  _sfx_play_isr                      sfx_player
     0000265A  _on_SIO_receive                    sio
     0000269B  _SIO_update                        sio
     00002702  _ui_update                         ui
     0000283A  _vm_sgb_transfer                   vm_sgb
     00002887  _vm_load_text                      vm_ui
     00002ADD  _vm_switch                         vm
ASxxxx Linker V03.00/V05.40 + sdld,  page 36.
Hexadecimal  [32-Bits]

Area                                    Addr        Size        Decimal Bytes (Attributes)
--------------------------------        ----        ----        ------- ----- ------------
_HOME                               0000104C    00002C6D =       11373. bytes (REL,CON)

      Value  Global                              Global Defined In Module
      -----  --------------------------------   ------------------------
     00002C0E  _vm_beginthread                    vm
     00002D32  _vm_rpn                            vm
     0000374A  _vm_get_far                        vm
     000037B8  _vm_call_native                    vm
     000037CB  _VM_STEP                           vm
     00003835  _script_runner_update              vm
     0000399A  _fill_win_rect                     
     000039AC  _rand                              
     000039AC  _randw                             
     000039D7  _initrand                          
     000039D9  .initrand                          
     000039E2  _get_bkg_data                      
     000039E2  _get_win_data                      
     00003A2F  _get_sprite_data                   
     00003A62  _abs                               abs
     00003A6F  _set_win_tiles                     
     00003A83  _set_tile_data                     
     00003A88  _set_bkg_data                      
     00003A88  _set_win_data                      
     00003A90  _set_sprite_data                   
     00003AC0  _reverse                           reverse
     00003AF4  ___call__banked                    far_ptr
     00003B11  _to_far_ptr                        far_ptr
     00003B47  .add_LCD                           
     00003B47  _add_LCD                           
     00003B4D  .remove_LCD                        
     00003B4D  _remove_LCD                        
     00003B53  .fill_rect_wtt                     
     00003B5C  .fill_rect_btt                     
     00003BA9  _fill_bkg_rect                     
     00003BBB  .padup                             
     00003BBB  _waitpadup                         
     00003BCB  .jpad                              
     00003BCB  _joypad                            
     00003BF3  _waitpad                           
     00003BF4  .wait_pad                          
     00003BFB  ___sdcc_call_hl                    call_hl
     00003BFC  _memset                            memset
     00003C2F  .set_xy_wtt                        SetTileMap
     00003C38  .set_xy_btt                        SetTileMap
     00003C47  .set_xy_tt                         SetTileMap
     00003C8B  ___sdcc_bcall_ehl                  
     00003CA5  _set_bkg_tiles                     
ASxxxx Linker V03.00/V05.40 + sdld,  page 37.
Hexadecimal  [32-Bits]

Area                                    Addr        Size        Decimal Bytes (Attributes)
--------------------------------        ----        ----        ------- ----- ------------
_INITIALIZER                        00003CB9    00000018 =          24. bytes (REL,CON)

      Value  Global                              Global Defined In Module
      -----  --------------------------------   ------------------------
ASxxxx Linker V03.00/V05.40 + sdld,  page 38.
Hexadecimal  [32-Bits]

Area                                    Addr        Size        Decimal Bytes (Attributes)
--------------------------------        ----        ----        ------- ----- ------------
_GSINIT                             00003CD1    00000027 =          39. bytes (REL,CON)

      Value  Global                              Global Defined In Module
      -----  --------------------------------   ------------------------
     00003CD1  gsinit                             Runtime

ASxxxx Linker V03.00/V05.40 + sdld,  page 39.
Hexadecimal  [32-Bits]

Area                                    Addr        Size        Decimal Bytes (Attributes)
--------------------------------        ----        ----        ------- ----- ------------
_GSFINAL                            00003CF8    00000001 =           1. bytes (REL,CON)

      Value  Global                              Global Defined In Module
      -----  --------------------------------   ------------------------
ASxxxx Linker V03.00/V05.40 + sdld,  page 40.
Hexadecimal  [32-Bits]

Area                                    Addr        Size        Decimal Bytes (Attributes)
--------------------------------        ----        ----        ------- ----- ------------
_DATA                               0000C0A0    0000198E =        6542. bytes (REL,CON)

      Value  Global                              Global Defined In Module
      -----  --------------------------------   ------------------------
     0000C0A0  __cpu                              Runtime
     0000C0A1  __is_GBA                           Runtime
     0000C0A2  .mode                              Runtime
     0000C0A3  .sys_time                          Runtime
     0000C0A3  _sys_time                          Runtime
     0000C0A5  .int_0x40                          Runtime
     0000C0B1  _actors                            actor
     0000C4F5  _actors_active_head                actor
     0000C4F7  _actors_active_tail                actor
     0000C4F9  _actors_inactive_head              actor
     0000C4FB  _screen_x                          actor
     0000C4FC  _screen_y                          actor
     0000C4FD  _invalid                           actor
     0000C4FF  _player_moving                     actor
     0000C500  _player_iframes                    actor
     0000C501  _player_collision_actor            actor
     0000C503  _emote_actor                       actor
     0000C505  _emote_timer                       actor
     0000C506  _allocated_sprite_tiles            actor
     0000C507  _allocated_hardware_sprites        actor
     0000C514  _camera_x                          camera
     0000C516  _camera_y                          camera
     0000C518  _camera_offset_x                   camera
     0000C519  _camera_offset_y                   camera
     0000C51A  _camera_deadzone_x                 camera
     0000C51B  _camera_deadzone_y                 camera
     0000C51C  _camera_settings                   camera
     0000C520  _current_scene                     data_manager
     0000C523  _image_bank                        data_manager
     0000C524  _image_ptr                         data_manager
     0000C526  _image_attr_bank                   data_manager
     0000C527  _image_attr_ptr                    data_manager
     0000C529  _collision_bank                    data_manager
     0000C52A  _collision_ptr                     data_manager
     0000C52C  _image_tile_width                  data_manager
     0000C52D  _image_tile_height                 data_manager
     0000C52E  _image_width                       data_manager
     0000C530  _image_height                      data_manager
     0000C532  _sprites_len                       data_manager
     0000C533  _actors_len                        data_manager
     0000C534  _projectiles_len                   data_manager
     0000C535  _player_sprite_len                 data_manager
     0000C536  _scene_type                        data_manager
     0000C537  _scene_LCD_type                    data_manager
     0000C538  _scene_stack                       data_manager
     0000C578  _scene_stack_ptr                   data_manager
     0000C57A  _scene_sprites_base_tiles          data_manager
     0000C5BA  _input_events                      events
     0000C5E2  _input_slots                       events
     0000C5EA  _timer_events                      events
ASxxxx Linker V03.00/V05.40 + sdld,  page 41.
Hexadecimal  [32-Bits]

Area                                    Addr        Size        Decimal Bytes (Attributes)
--------------------------------        ----        ----        ------- ----- ------------
_DATA                               0000C0A0    0000198E =        6542. bytes (REL,CON)

      Value  Global                              Global Defined In Module
      -----  --------------------------------   ------------------------
     0000C5FE  _timer_values                      events
     0000C606  _fade_running                      fade_manager
     0000C607  _fade_frames_per_step              fade_manager
     0000C608  _fade_timer                        fade_manager
     0000C610  _joypads                           input
     0000C615  _frame_joy                         input
     0000C616  _last_joy                          input
     0000C617  _recent_joy                        input
     0000C618  _SIO_status                        
     0000C619  _link_byte_sent                    
     0000C61A  _link_next_mode                    
     0000C61B  _save_blob_size                    load_save
     0000C61D  _routine_queue                     music_manager
     0000C621  _routine_queue_head                music_manager
     0000C622  _routine_queue_tail                music_manager
     0000C623  _music_events                      music_manager
     0000C637  _music_current_track_bank          music_manager
     0000C638  _music_mute_mask                   music_manager
     0000C639  _music_effective_mute              music_manager
     0000C63A  _music_next_track                  music_manager
     0000C63C  _music_current_track               music_manager
     0000C63E  _music_play_isr_counter            music_manager
     0000C63F  _music_play_isr_pause              music_manager
     0000C640  _music_global_mute_mask            music_manager
     0000C641  _music_sfx_priority                music_manager
     0000C642  _DMG_palette                       palette
     0000C645  _SprPalette                        palette
     0000C685  _parallax_rows                     parallax
     0000C697  _parallax_row                      parallax
     0000C699  _projectiles                       projectiles
     0000C752  _projectile_defs                   projectiles
     0000C7C5  _projectiles_active_head           projectiles
     0000C7C7  _projectiles_inactive_head         projectiles
     0000C7CE  _scroll_x                          scroll
     0000C7D0  _scroll_y                          scroll
     0000C7D2  _draw_scroll_x                     scroll
     0000C7D4  _draw_scroll_y                     scroll
     0000C7D6  _scroll_x_max                      scroll
     0000C7D8  _scroll_y_max                      scroll
     0000C7DA  _scroll_offset_x                   scroll
     0000C7DB  _scroll_offset_y                   scroll
     0000C7DC  _pending_h_x                       scroll
     0000C7DD  _pending_h_y                       scroll
     0000C7DE  _pending_h_i                       scroll
     0000C7DF  _pending_w_x                       scroll
     0000C7E0  _pending_w_y                       scroll
     0000C7E1  _pending_w_i                       scroll
     0000C7E2  _current_row                       scroll
     0000C7E4  _new_row                           scroll
     0000C7E6  _current_col                       scroll
     0000C7E8  _new_col                           scroll
ASxxxx Linker V03.00/V05.40 + sdld,  page 42.
Hexadecimal  [32-Bits]

Area                                    Addr        Size        Decimal Bytes (Attributes)
--------------------------------        ----        ----        ------- ----- ------------
_DATA                               0000C0A0    0000198E =        6542. bytes (REL,CON)

      Value  Global                              Global Defined In Module
      -----  --------------------------------   ------------------------
     0000C7EA  .image_tile_width                  
     0000C7EB  _sfx_play_bank                     sfx_player
     0000C7EC  _sfx_play_sample                   sfx_player
     0000C7EE  _sfx_frame_skip                    sfx_player
     0000C7EF  _link_operation_mode               sio
     0000C7F0  _link_packet                       sio
     0000C810  _link_packet_len                   sio
     0000C811  _link_packet_ptr                   sio
     0000C813  _link_packet_received              sio
     0000C814  _link_packet_snd_len               sio
     0000C815  _link_packet_snd_ptr               sio
     0000C817  _link_packet_sent                  sio
     0000C818  __is_CGB                           system
     0000C819  __is_SGB                           system
[...]
                                          [ scene_6_sprites ]
C:/Users/LENOVO/AppData/Local/Temp/_gbsbuild/obj/scene_6_triggers.rel
                                          [ scene_6_triggers ]
C:/Users/LENOVO/AppData/Local/Temp/_gbsbuild/obj/scene_6.rel
                                          [ scene_6 ]
C:/Users/LENOVO/AppData/Local/Temp/_gbsbuild/obj/scene_7_actors.rel
                                          [ scene_7_actors ]
C:/Users/LENOVO/AppData/Local/Temp/_gbsbuild/obj/scene_7_collisions.rel
                                          [ scene_7_collisions ]
C:/Users/LENOVO/AppData/Local/Temp/_gbsbuild/obj/scene_7_init.rel
                                          [ scene_7_init ]
C:/Users/LENOVO/AppData/Local/Temp/_gbsbuild/obj/scene_7_p_hit1.rel
                                          [ scene_7_p_hit1 ]
C:/Users/LENOVO/AppData/Local/Temp/_gbsbuild/obj/scene_7_projectiles.rel
                                          [ scene_7_projectiles ]
C:/Users/LENOVO/AppData/Local/Temp/_gbsbuild/obj/scene_7_sprites.rel
                                          [ scene_7_sprites ]
C:/Users/LENOVO/AppData/Local/Temp/_gbsbuild/obj/scene_7_triggers.rel
                                          [ scene_7_triggers ]
C:/Users/LENOVO/AppData/Local/Temp/_gbsbuild/obj/scene_7.rel
                                          [ scene_7 ]
C:/Users/LENOVO/AppData/Local/Temp/_gbsbuild/obj/scene_8_actors.rel
                                          [ scene_8_actors ]
C:/Users/LENOVO/AppData/Local/Temp/_gbsbuild/obj/scene_8_collisions.rel
                                          [ scene_8_collisions ]
C:/Users/LENOVO/AppData/Local/Temp/_gbsbuild/obj/scene_8_init.rel
                                          [ scene_8_init ]
C:/Users/LENOVO/AppData/Local/Temp/_gbsbuild/obj/scene_8_p_hit1.rel
                                          [ scene_8_p_hit1 ]
C:/Users/LENOVO/AppData/Local/Temp/_gbsbuild/obj/scene_8_projectiles.rel
                                          [ scene_8_projectiles ]
C:/Users/LENOVO/AppData/Local/Temp/_gbsbuild/obj/scene_8_sprites.rel
                                          [ scene_8_sprites ]
C:/Users/LENOVO/AppData/Local/Temp/_gbsbuild/obj/scene_8_triggers.rel
                                          [ scene_8_triggers ]
C:/Users/LENOVO/AppData/Local/Temp/_gbsbuild/obj/scene_8.rel
                                          [ scene_8 ]
C:/Users/LENOVO/AppData/Local/Temp/_gbsbuild/obj/scene_9_collisions.rel
                                          [ scene_9_collisions ]
C:/Users/LENOVO/AppData/Local/Temp/_gbsbuild/obj/scene_9_init.rel
                                          [ scene_9_init ]
C:/Users/LENOVO/AppData/Local/Temp/_gbsbuild/obj/scene_9.rel
                                          [ scene_9 ]
C:/Users/LENOVO/AppData/Local/Temp/_gbsbuild/obj/script_0.rel
                                          [ script_0 ]
C:/Users/LENOVO/AppData/Local/Temp/_gbsbuild/obj/script_1.rel
                                          [ script_1 ]
C:/Users/LENOVO/AppData/Local/Temp/_gbsbuild/obj/script_11.rel
                                          [ script_11 ]
C:/Users/LENOVO/AppData/Local/Temp/_gbsbuild/obj/script_12.rel
                                          [ script_12 ]
C:/Users/LENOVO/AppData/Local/Temp/_gbsbuild/obj/script_13.rel
                                          [ script_13 ]
C:/Users/LENOVO/AppData/Local/Temp/_gbsbuild/obj/script_14.rel
                                          [ script_14 ]
C:/Users/LENOVO/AppData/Local/Temp/_gbsbuild/obj/script_2.rel
                                          [ script_2 ]
C:/Users/LENOVO/AppData/Local/Temp/_gbsbuild/obj/script_3.rel
                                          [ script_3 ]
C:/Users/LENOVO/AppData/Local/Temp/_gbsbuild/obj/script_4.rel
                                          [ script_4 ]
C:/Users/LENOVO/AppData/Local/Temp/_gbsbuild/obj/script_6.rel
                                          [ script_6 ]
C:/Users/LENOVO/AppData/Local/Temp/_gbsbuild/obj/script_7.rel
                                          [ script_7 ]
C:/Users/LENOVO/AppData/Local/Temp/_gbsbuild/obj/script_8.rel
                                          [ script_8 ]
C:/Users/LENOVO/AppData/Local/Temp/_gbsbuild/obj/script_engine_init.rel
                                          [  ]
C:/Users/LENOVO/AppData/Local/Temp/_gbsbuild/obj/script_input_0.rel
                                          [ script_input_0 ]
C:/Users/LENOVO/AppData/Local/Temp/_gbsbuild/obj/script_input_10.rel
                                          [ script_input_10 ]
C:/Users/LENOVO/AppData/Local/Temp/_gbsbuild/obj/script_input_11.rel
                                          [ script_input_11 ]
C:/Users/LENOVO/AppData/Local/Temp/_gbsbuild/obj/script_input_9.rel
                                          [ script_input_9 ]
C:/Users/LENOVO/AppData/Local/Temp/_gbsbuild/obj/script_input.rel
                                          [ script_input ]
C:/Users/LENOVO/AppData/Local/Temp/_gbsbuild/obj/script_timer_0.rel
                                          [ script_timer_0 ]
C:/Users/LENOVO/AppData/Local/Temp/_gbsbuild/obj/script_timer_13.rel
                                          [ script_timer_13 ]
C:/Users/LENOVO/AppData/Local/Temp/_gbsbuild/obj/script_timer_4.rel
                                          [ script_timer_4 ]
C:/Users/LENOVO/AppData/Local/Temp/_gbsbuild/obj/script_timer_5.rel
                                          [ script_timer_5 ]
C:/Users/LENOVO/AppData/Local/Temp/_gbsbuild/obj/script_timer_6.rel
                                          [ script_timer_6 ]
C:/Users/LENOVO/AppData/Local/Temp/_gbsbuild/obj/script_timer_7.rel
                                          [ script_timer_7 ]
C:/Users/LENOVO/AppData/Local/Temp/_gbsbuild/obj/script_timer.rel
                                          [ script_timer ]
C:/Users/LENOVO/AppData/Local/Temp/_gbsbuild/obj/sound_click_vgm.rel
                                          [ sound_click_vgm ]
C:/Users/LENOVO/AppData/Local/Temp/_gbsbuild/obj/sound_hurt_vgm.rel
                                          [ sound_hurt_vgm ]
C:/Users/LENOVO/AppData/Local/Temp/_gbsbuild/obj/sound_laser_gun_vgm.rel
                                          [ sound_laser_gun_vgm ]
C:/Users/LENOVO/AppData/Local/Temp/_gbsbuild/obj/sound_sword_slash_vgm.rel
                                          [ sound_sword_slash_vgm ]
C:/Users/LENOVO/AppData/Local/Temp/_gbsbuild/obj/sprite_actor_animated_tileset.rel
                                          [ sprite_actor_animated_tileset ]
C:/Users/LENOVO/AppData/Local/Temp/_gbsbuild/obj/sprite_actor_animated.rel
                                          [ sprite_actor_animated ]
C:/Users/LENOVO/AppData/Local/Temp/_gbsbuild/obj/sprite_bag_tileset.rel
                                          [ sprite_bag_tileset ]
C:/Users/LENOVO/AppData/Local/Temp/_gbsbuild/obj/sprite_bag.rel
                                          [ sprite_bag ]
C:/Users/LENOVO/AppData/Local/Temp/_gbsbuild/obj/sprite_bat_tileset.rel
                                          [ sprite_bat_tileset ]
C:/Users/LENOVO/AppData/Local/Temp/_gbsbuild/obj/sprite_bat.rel
                                          [ sprite_bat ]
C:/Users/LENOVO/AppData/Local/Temp/_gbsbuild/obj/sprite_book_shot_left_copy_tileset.rel
                                          [ sprite_book_shot_left_copy_tiles ]
C:/Users/LENOVO/AppData/Local/Temp/_gbsbuild/obj/sprite_book_shot_left_copy.rel
                                          [ sprite_book_shot_left_copy ]
C:/Users/LENOVO/AppData/Local/Temp/_gbsbuild/obj/sprite_book_tileset.rel
                                          [ sprite_book_tileset ]
C:/Users/LENOVO/AppData/Local/Temp/_gbsbuild/obj/sprite_book.rel
                                          [ sprite_book ]
C:/Users/LENOVO/AppData/Local/Temp/_gbsbuild/obj/sprite_boss_assets_tileset.rel
                                          [ sprite_boss_assets_tileset ]
C:/Users/LENOVO/AppData/Local/Temp/_gbsbuild/obj/sprite_boss_assets.rel
                                          [ sprite_boss_assets ]
C:/Users/LENOVO/AppData/Local/Temp/_gbsbuild/obj/sprite_boss_proj_tileset.rel
                                          [ sprite_boss_proj_tileset ]
C:/Users/LENOVO/AppData/Local/Temp/_gbsbuild/obj/sprite_boss_proj.rel
                                          [ sprite_boss_proj ]
C:/Users/LENOVO/AppData/Local/Temp/_gbsbuild/obj/sprite_char_assets_copy_tileset.rel
                                          [ sprite_char_assets_copy_tileset ]
C:/Users/LENOVO/AppData/Local/Temp/_gbsbuild/obj/sprite_char_assets_copy.rel
                                          [ sprite_char_assets_copy ]
C:/Users/LENOVO/AppData/Local/Temp/_gbsbuild/obj/sprite_char_assets_tileset.rel
                                          [ sprite_char_assets_tileset ]
C:/Users/LENOVO/AppData/Local/Temp/_gbsbuild/obj/sprite_char_assets.rel
                                          [ sprite_char_assets ]
C:/Users/LENOVO/AppData/Local/Temp/_gbsbuild/obj/sprite_gubble_tileset.rel
                                          [ sprite_gubble_tileset ]
C:/Users/LENOVO/AppData/Local/Temp/_gbsbuild/obj/sprite_gubble.rel
                                          [ sprite_gubble ]
C:/Users/LENOVO/AppData/Local/Temp/_gbsbuild/obj/sprite_heart_tileset.rel
                                          [ sprite_heart_tileset ]
C:/Users/LENOVO/AppData/Local/Temp/_gbsbuild/obj/sprite_heart.rel
                                          [ sprite_heart ]
C:/Users/LENOVO/AppData/Local/Temp/_gbsbuild/obj/sprite_invis_right_copy.rel
                                          [ sprite_invis_right_copy ]
C:/Users/LENOVO/AppData/Local/Temp/_gbsbuild/obj/sprite_ran_num_tileset.rel
                                          [ sprite_ran_num_tileset ]
C:/Users/LENOVO/AppData/Local/Temp/_gbsbuild/obj/sprite_ran_num.rel
                                          [ sprite_ran_num ]
C:/Users/LENOVO/AppData/Local/Temp/_gbsbuild/obj/sprite_static.rel
                                          [ sprite_static ]
C:/Users/LENOVO/AppData/Local/Temp/_gbsbuild/obj/sprite_trike_tileset.rel
                                          [ sprite_trike_tileset ]
C:/Users/LENOVO/AppData/Local/Temp/_gbsbuild/obj/sprite_trike.rel
                                          [ sprite_trike ]
C:/Users/LENOVO/AppData/Local/Temp/_gbsbuild/obj/spritesheet_none.rel
                                          [ spritesheet_none ]
C:/Users/LENOVO/AppData/Local/Temp/_gbsbuild/obj/tileset_binary_screen.rel
                                          [ tileset_binary_screen ]
C:/Users/LENOVO/AppData/Local/Temp/_gbsbuild/obj/tileset_default_frame.rel
                                          [ tileset_default_frame ]
C:/Users/LENOVO/AppData/Local/Temp/_gbsbuild/obj/trigger_0_interact.rel
                                          [ trigger_0_interact ]
C:/Users/LENOVO/AppData/Local/Temp/_gbsbuild/obj/trigger_1_interact.rel
                                          [ trigger_1_interact ]
C:/Users/LENOVO/AppData/Local/Temp/_gbsbuild/obj/trigger_10_interact.rel
                                          [ trigger_10_interact ]
C:/Users/LENOVO/AppData/Local/Temp/_gbsbuild/obj/trigger_11_interact.rel
                                          [ trigger_11_interact ]
C:/Users/LENOVO/AppData/Local/Temp/_gbsbuild/obj/trigger_12_interact.rel
                                          [ trigger_12_interact ]
C:/Users/LENOVO/AppData/Local/Temp/_gbsbuild/obj/trigger_13_interact.rel
                                          [ trigger_13_interact ]
C:/Users/LENOVO/AppData/Local/Temp/_gbsbuild/obj/trigger_14_interact.rel
                                          [ trigger_14_interact ]
C:/Users/LENOVO/AppData/Local/Temp/_gbsbuild/obj/trigger_15_interact.rel
                                          [ trigger_15_interact ]
C:/Users/LENOVO/AppData/Local/Temp/_gbsbuild/obj/trigger_16_interact.rel
                                          [ trigger_16_interact ]
C:/Users/LENOVO/AppData/Local/Temp/_gbsbuild/obj/trigger_17_interact.rel
                                          [ trigger_17_interact ]
C:/Users/LENOVO/AppData/Local/Temp/_gbsbuild/obj/trigger_18_interact.rel
                                          [ trigger_18_interact ]
C:/Users/LENOVO/AppData/Local/Temp/_gbsbuild/obj/trigger_19_interact.rel
                                          [ trigger_19_interact ]
C:/Users/LENOVO/AppData/Local/Temp/_gbsbuild/obj/trigger_2_interact.rel
                                          [ trigger_2_interact ]
C:/Users/LENOVO/AppData/Local/Temp/_gbsbuild/obj/trigger_20_interact.rel
                                          [ trigger_20_interact ]
C:/Users/LENOVO/AppData/Local/Temp/_gbsbuild/obj/trigger_22_interact.rel
                                          [ trigger_22_interact ]
C:/Users/LENOVO/AppData/Local/Temp/_gbsbuild/obj/trigger_23_interact.rel
                                          [ trigger_23_interact ]
C:/Users/LENOVO/AppData/Local/Temp/_gbsbuild/obj/trigger_24_interact.rel
                                          [ trigger_24_interact ]
C:/Users/LENOVO/AppData/Local/Temp/_gbsbuild/obj/trigger_25_interact.rel
                                          [ trigger_25_interact ]
C:/Users/LENOVO/AppData/Local/Temp/_gbsbuild/obj/trigger_26_interact.rel
                                          [ trigger_26_interact ]
C:/Users/LENOVO/AppData/Local/Temp/_gbsbuild/obj/trigger_27_interact.rel
                                          [ trigger_27_interact ]
C:/Users/LENOVO/AppData/Local/Temp/_gbsbuild/obj/trigger_28_interact.rel
                                          [ trigger_28_interact ]
C:/Users/LENOVO/AppData/Local/Temp/_gbsbuild/obj/trigger_29_interact.rel
                                          [ trigger_29_interact ]
C:/Users/LENOVO/AppData/Local/Temp/_gbsbuild/obj/trigger_3_interact.rel
                                          [ trigger_3_interact ]
C:/Users/LENOVO/AppData/Local/Temp/_gbsbuild/obj/trigger_30_interact.rel
                                          [ trigger_30_interact ]
C:/Users/LENOVO/AppData/Local/Temp/_gbsbuild/obj/trigger_31_interact.rel
                                          [ trigger_31_interact ]
C:/Users/LENOVO/AppData/Local/Temp/_gbsbuild/obj/trigger_32_interact.rel
                                          [ trigger_32_interact ]
C:/Users/LENOVO/AppData/Local/Temp/_gbsbuild/obj/trigger_33_interact.rel
                                          [ trigger_33_interact ]
C:/Users/LENOVO/AppData/Local/Temp/_gbsbuild/obj/trigger_34_interact.rel
                                          [ trigger_34_interact ]
C:/Users/LENOVO/AppData/Local/Temp/_gbsbuild/obj/trigger_35_interact.rel
                                          [ trigger_35_interact ]
C:/Users/LENOVO/AppData/Local/Temp/_gbsbuild/obj/trigger_4_interact.rel
                                          [ trigger_4_interact ]
C:/Users/LENOVO/AppData/Local/Temp/_gbsbuild/obj/trigger_5_interact.rel
                                          [ trigger_5_interact ]
C:/Users/LENOVO/AppData/Local/Temp/_gbsbuild/obj/trigger_6_interact.rel
                                          [ trigger_6_interact ]
C:/Users/LENOVO/AppData/Local/Temp/_gbsbuild/obj/trigger_7_interact.rel
                                          [ trigger_7_interact ]
C:/Users/LENOVO/AppData/Local/Temp/_gbsbuild/obj/trigger_8_interact.rel
                                          [ trigger_8_interact ]
C:/Users/LENOVO/AppData/Local/Temp/_gbsbuild/obj/trigger_9_interact.rel
                                          [ trigger_9_interact ]
C:/Users/LENOVO/AppData/Local/Temp/_gbsbuild/obj/main.rel
                                          [ main ]
C:/Users/LENOVO/AppData/Local/Temp/_gbsbuild/obj/logo.rel
                                          [ logo ]
C:/Users/LENOVO/AppData/Local/Temp/_gbsbuild/obj/platform.rel
                                          [ platform ]
C:/Users/LENOVO/AppData/Local/Temp/_gbsbuild/obj/states_ptrs.rel
                                          [  ]


Libraries Linked                          [ object file ]

C:\Users\LENOVO\AppData\Local\Temp/_gbstools/gbdk/lib/gb/gb.lib
                                          [ fill_rect_wi.o ]
C:\Users\LENOVO\AppData\Local\Temp/_gbstools/gbdk/lib/sm83/sm83.lib
                                          [ rand.o ]
lib/hUGEDriver.lib                        [ hUGEDriver.o ]
C:\Users\LENOVO\AppData\Local\Temp/_gbstools/gbdk/lib/gb/gb.lib
                                          [ sfr.o ]
C:\Users\LENOVO\AppData\Local\Temp/_gbstools/gbdk/lib/gb/gb.lib
                                          [ get_data.o ]
C:\Users\LENOVO\AppData\Local\Temp/_gbstools/gbdk/lib/gb/gb.lib
                                          [ get_tile.o ]
C:\Users\LENOVO\AppData\Local\Temp/_gbstools/gbdk/lib/gb/gb.lib
                                          [ metasprites_hide_spr.o ]
C:\Users\LENOVO\AppData\Local\Temp/_gbstools/gbdk/lib/sm83/sm83.lib
                                          [ mul.o ]
C:\Users\LENOVO\AppData\Local\Temp/_gbstools/gbdk/lib/gb/gb.lib
                                          [ set_tile.o ]
C:\Users\LENOVO\AppData\Local\Temp/_gbstools/gbdk/lib/sm83/sm83.lib
                                          [ abs.o ]
C:\Users\LENOVO\AppData\Local\Temp/_gbstools/gbdk/lib/gb/gb.lib
                                          [ set_wi_t.o ]
C:\Users\LENOVO\AppData\Local\Temp/_gbstools/gbdk/lib/gb/gb.lib
                                          [ set_data.o ]
C:\Users\LENOVO\AppData\Local\Temp/_gbstools/gbdk/lib/sm83/sm83.lib
                                          [ reverse.o ]
C:\Users\LENOVO\AppData\Local\Temp/_gbstools/gbdk/lib/gb/gb.lib
                                          [ far_ptr.o ]
C:\Users\LENOVO\AppData\Local\Temp/_gbstools/gbdk/lib/gb/gb.lib
                                          [ sgb.o ]
C:\Users\LENOVO\AppData\Local\Temp/_gbstools/gbdk/lib/gb/gb.lib
                                          [ lcd.o ]
C:\Users\LENOVO\AppData\Local\Temp/_gbstools/gbdk/lib/gb/gb.lib
                                          [ fill_rect.o ]
C:\Users\LENOVO\AppData\Local\Temp/_gbstools/gbdk/lib/gb/gb.lib
                                          [ cpy_data.o ]
C:\Users\LENOVO\AppData\Local\Temp/_gbstools/gbdk/lib/gb/gb.lib
                                          [ fill_rect_bk.o ]
C:\Users\LENOVO\AppData\Local\Temp/_gbstools/gbdk/lib/gb/gb.lib
                                          [ pad.o ]
C:\Users\LENOVO\AppData\Local\Temp/_gbstools/gbdk/lib/gb/gb.lib
                                          [ metasprites.o ]
C:\Users\LENOVO\AppData\Local\Temp/_gbstools/gbdk/lib/sm83/sm83.lib
                                          [ __sdcc_call_hl.o ]
C:\Users\LENOVO\AppData\Local\Temp/_gbstools/gbdk/lib/sm83/sm83.lib
                                          [ memcpy.o ]
C:\Users\LENOVO\AppData\Local\Temp/_gbstools/gbdk/lib/sm83/sm83.lib
                                          [ _memset.o ]
C:\Users\LENOVO\AppData\Local\Temp/_gbstools/gbdk/lib/gb/gb.lib
                                          [ set_xy_t.o ]
C:\Users\LENOVO\AppData\Local\Temp/_gbstools/gbdk/lib/gb/gb.lib
                                          [ ___sdcc_bcall_ehl.o ]
C:\Users\LENOVO\AppData\Local\Temp/_gbstools/gbdk/lib/sm83/sm83.lib
                                          [ div.o ]
C:\Users\LENOVO\AppData\Local\Temp/_gbstools/gbdk/lib/gb/gb.lib
                                          [ set_bk_t.o ]

ASxxxx Linker V03.00/V05.40 + sdld,  page 92.

User Base Address Definitions

_DATA=0xC0A0
_CODE=0x0200
ASxxxx Linker V03.00/V05.40 + sdld,  page 93.

User Global Definitions

.STACK=0xDF00
_shadow_OAM=0xC000
.refresh_OAM=0xFF80
__start_save=12

